// Jest Snapshot v1, https://goo.gl/fbAQLP

exports[`ActiveSelection sets coords after attaching to canvas 1`] = `
[
  Point {
    "x": 100,
    "y": 100,
  },
  Point {
    "x": 201,
    "y": 100,
  },
  Point {
    "x": 201,
    "y": 201,
  },
  Point {
    "x": 100,
    "y": 201,
  },
]
`;
